// Jest Snapshot v1, https://goo.gl/fbAQLP

exports[`<Main /> should render the heading 1`] = `
<main
  class="styles__Wrapper-gpRyM dfwPgg"
>
  <img
    alt="Imagem de um átomo e React Avançado escrito ao lado."
    class="styles__Logo-bRCRwg dBQoku"
    src="/img/logo.svg"
  />
  <h1
    class="styles__Title-cLDGHr bZCzI"
  >
    Boilerplate NextJS
  </h1>
  <h2
    class="styles__Description-emfICt grZoIv"
  >
    TypeScript, ReactJS, NextJS, and Styled Components
  </h2>
  <img
    alt="Um desenvolvedor de frente para a tela com código."
    class="styles__Illustration-fzyGQP bYTAWd"
    src="/img/hero-illustration.svg"
  />
</main>
`;
